// Jest Snapshot v1, https://goo.gl/fbAQLP

exports['Testes de Integração CENÁRIO 01 1'] = `
Object {
  "juros": 0.025,
  "montante": 106.9,
  "parcelas": 3,
  "prestacoes": Array [
    35.64,
    35.63,
    35.63,
  ],
  "primeiraPrestacao": 35.64,
}
`;

exports['Testes de Integração CENÁRIO 02 1'] = `
Object {
  "juros": 0.025,
  "montante": 106.9,
  "parcelas": 3,
  "prestacoes": Array [
    35.64,
    35.63,
    35.63,
  ],
  "primeiraPrestacao": 35.64,
}
`;

exports['Testes de Integração CENÁRIO 03 1'] = `
Object {
  "juros": 0.025,
  "montante": 106.9,
  "parcelas": 3,
  "prestacoes": Array [
    35.64,
    35.63,
    35.63,
  ],
  "primeiraPrestacao": 35.64,
}
`;
